../Core/Src/main.c:103:5:main	8	static
../Core/Src/main.c:200:6:SystemClock_Config	120	static
../Core/Src/main.c:260:13:MX_UART7_Init	8	static
../Core/Src/main.c:308:13:MX_USART3_UART_Init	8	static
../Core/Src/main.c:356:13:MX_GPIO_Init	48	static
../Core/Src/main.c:400:5:_write	24	static
../Core/Src/main.c:406:6:HAL_UART_RxCpltCallback	24	static
../Core/Src/main.c:419:6:UARTTask	56	static
../Core/Src/main.c:434:6:HC12ComSERIALTask	16	static
../Core/Src/main.c:451:6:StartDefaultTask	16	static
../Core/Src/main.c:464:6:MPU_Config	24	static
../Core/Src/main.c:499:6:HAL_TIM_PeriodElapsedCallback	16	static
../Core/Src/main.c:516:6:Error_Handler	4	static,ignoring_inline_asm
