../Core/Src/main.c:89:5:main	8	static
../Core/Src/main.c:177:6:SystemClock_Config	120	static
../Core/Src/main.c:237:13:MX_UART7_Init	8	static
../Core/Src/main.c:285:13:MX_USART3_UART_Init	8	static
../Core/Src/main.c:333:13:MX_GPIO_Init	48	static
../Core/Src/main.c:377:6:sendData	40	static
../Core/Src/main.c:392:6:StartDefaultTask	16	static
../Core/Src/main.c:410:6:StartHC12SendTask	24	static
../Core/Src/main.c:426:6:MPU_Config	24	static
../Core/Src/main.c:461:6:HAL_TIM_PeriodElapsedCallback	16	static
../Core/Src/main.c:478:6:Error_Handler	4	static,ignoring_inline_asm
